---
source: tests/e2e/flow.rs
info:
  program: moonup
  args:
    - install
    - nightly-2025-05-21
---
success: true
exit_code: 0
----- stdout -----
Installing toolchain 'nightly-2025-05-21'
Installed toolchain version 'nightly-2025-05-21'
Make sure '[MOON_HOME]/bin' is added to your PATH

----- stderr -----
Finished. moon: ran 57 tasks, now up to date
Finished. moon: ran 57 tasks, now up to date
Finished. moon: ran 57 tasks, now up to date
Finished. moon: ran 57 tasks, now up to date
