---
source: tests/e2e/flow.rs
info:
  program: moonup
  args:
    - list
---
success: true
exit_code: 0
----- stdout -----
Moonup home: [MOONUP_HOME]

No toolchains installed

----- stderr -----
