---
source: tests/e2e/flow.rs
info:
  program: moonup
  args:
    - pin
    - nightly
---
success: true
exit_code: 0
----- stdout -----
Pinned toolchain to version 'nightly'
Toolchain file: [TEMP_FILE]

----- stderr -----
