---
source: tests/e2e/flow.rs
info:
  program: moonup
  args:
    - uninstall
    - 0.1.20241231+ba15a9a4e
---
success: true
exit_code: 0
----- stdout -----
 Uninstalled toolchain 0.1.20241231+ba15a9a4e

----- stderr -----
