---
source: tests/e2e/flow.rs
info:
  program: moonup
  args:
    - install
    - latest
---
success: true
exit_code: 0
----- stdout -----
Installing toolchain 'latest'
Installed toolchain version 'latest'
Make sure '[MOON_HOME]/bin' is added to your PATH

----- stderr -----
Finished. moon: ran 57 tasks, now up to date
Finished. moon: ran 57 tasks, now up to date
Finished. moon: ran 57 tasks, now up to date
Finished. moon: ran 57 tasks, now up to date
